******************************************************************************
                  MSP430 Linker PC v4.1.5                      
******************************************************************************
>> Linked Sun Jun 09 05:21:04 2013

OUTPUT FILE NAME:   <TM001.out>
ENTRY POINT SYMBOL: "_c_int00"  address: 0000fdd6


MEMORY CONFIGURATION

         name            origin    length      used     unused   attr    fill
----------------------  --------  ---------  --------  --------  ----  --------
  SFR                   00000000   00000010  00000000  00000010  RWIX
  PERIPHERALS_8BIT      00000010   000000f0  00000000  000000f0  RWIX
  PERIPHERALS_16BIT     00000100   00000100  00000000  00000100  RWIX
  RAM                   00000200   00000080  0000004d  00000033  RWIX
  INFOD                 00001000   00000040  00000000  00000040  RWIX
  INFOC                 00001040   00000040  00000000  00000040  RWIX
  INFOB                 00001080   00000040  00000000  00000040  RWIX
  INFOA                 000010c0   00000040  00000000  00000040  RWIX
  FLASH                 0000f800   000007e0  0000070d  000000d3  RWIX
  INT00                 0000ffe0   00000002  00000000  00000002  RWIX
  INT01                 0000ffe2   00000002  00000000  00000002  RWIX
  INT02                 0000ffe4   00000002  00000000  00000002  RWIX
  INT03                 0000ffe6   00000002  00000000  00000002  RWIX
  INT04                 0000ffe8   00000002  00000002  00000000  RWIX
  INT05                 0000ffea   00000002  00000002  00000000  RWIX
  INT06                 0000ffec   00000002  00000000  00000002  RWIX
  INT07                 0000ffee   00000002  00000000  00000002  RWIX
  INT08                 0000fff0   00000002  00000000  00000002  RWIX
  INT09                 0000fff2   00000002  00000000  00000002  RWIX
  INT10                 0000fff4   00000002  00000002  00000000  RWIX
  INT11                 0000fff6   00000002  00000000  00000002  RWIX
  INT12                 0000fff8   00000002  00000000  00000002  RWIX
  INT13                 0000fffa   00000002  00000000  00000002  RWIX
  INT14                 0000fffc   00000002  00000000  00000002  RWIX
  RESET                 0000fffe   00000002  00000002  00000000  RWIX


SECTION ALLOCATION MAP

 output                                  attributes/
section   page    origin      length       input sections
--------  ----  ----------  ----------   ----------------
.init_array 
*          0    0000f800    00000000     UNINITIALIZED

.bss       0    00000200    00000011     UNINITIALIZED
                  00000200    0000000a     i2c_usi.obj (.bss)
                  0000020a    00000004     pcf8576_lcd35.obj (.bss)
                  0000020e    00000003     measure_battery.obj (.bss)

.TI.noinit 
*          0    00000200    00000000     UNINITIALIZED

.data      0    00000212    0000000a     
                  00000212    00000006     i2c_usi.obj (.data)
                  00000218    00000002     main.obj (.data)
                  0000021a    00000002     systime.obj (.data)

.TI.persistent 
*          0    00000212    00000000     UNINITIALIZED

.stack     0    0000024c    00000032     UNINITIALIZED
                  0000024c    00000002     rts430_eabi.lib : boot.obj (.stack)
                  0000024e    00000030     --HOLE--

.text      0    0000f800    000006e2     
                  0000f800    00000174     i2c_usi.obj (.text:USI_TXRX)
                  0000f974    0000009a     main.obj (.text:main)
                  0000fa0e    0000005e     rts430_eabi.lib : copy_decompress_rle.obj (.text:__TI_decompress_rle_core)
                  0000fa6c    0000005e                     : autoinit.obj (.text:_auto_init)
                  0000faca    00000056     pcf8576_lcd35.obj (.text:lcd35_send)
                  0000fb20    00000054     i2c_usi.obj (.text:i2c_init)
                  0000fb74    0000004e     textconv.obj (.text:IntToBCD)
                  0000fbc2    0000004c     pcf8576_lcd35.obj (.text:lcd35_write)
                  0000fc0e    0000004c     rts430_eabi.lib : lsr16.obj (.text)
                  0000fc5a    0000003e     i2c_usi.obj (.text:i2c_reg_read)
                  0000fc98    00000036     main.obj (.text:_worker)
                  0000fcce    00000034     pcf8576_lcd35.obj (.text:lcd35_init)
                  0000fd02    0000002e     systime.obj (.text:timer_a_i2c_100k)
                  0000fd30    00000028     MCP9808.obj (.text:MCP9808_LPM)
                  0000fd58    00000026     MCP9808.obj (.text:MCP9808_read_temp)
                  0000fd7e    0000001e     i2c_usi.obj (.text:i2c_transmit)
                  0000fd9c    0000001e     systime.obj (.text:set_dco)
                  0000fdba    0000001c     i2c_usi.obj (.text:Data_TX)
                  0000fdd6    0000001a     rts430_eabi.lib : boot.obj (.text:_c_int00_noexit)
                  0000fdf0    00000016     measure_battery.obj (.text:ADC_init)
                  0000fe06    00000016     rts430_eabi.lib : div16u.obj (.text)
                  0000fe1c    00000014     main.obj (.text:_init)
                  0000fe30    00000014     rts430_eabi.lib : copy_zero_init.obj (.text:decompress:ZI:__TI_zero_init)
                  0000fe44    00000014                     : mult16.obj (.text)
                  0000fe58    00000012     measure_battery.obj (.text:ADC10_ISR)
                  0000fe6a    00000012     main.obj (.text:WDT_ISR)
                  0000fe7c    00000012     rts430_eabi.lib : copy_decompress_none.obj (.text:decompress:none:__TI_decompress_none)
                  0000fe8e    00000012                     : memcpy.obj (.text:memcpy)
                  0000fea0    00000010     i2c_usi.obj (.text:Data_RX)
                  0000feb0    00000010     rts430_eabi.lib : epilog.obj (.text)
                  0000fec0    0000000c     measure_battery.obj (.text:ADC_start_conversion)
                  0000fecc    00000008     measure_battery.obj (.text:ADC_refon)
                  0000fed4    00000006     rts430_eabi.lib : copy_decompress_rle.obj (.text:decompress:rle24:__TI_decompress_rle24)
                  0000feda    00000004                     : pre_init.obj (.text:_system_pre_init)
                  0000fede    00000004                     : exit.obj (.text:abort)

.const     0    0000fee2    0000000b     
                  0000fee2    0000000b     pcf8576_lcd35.obj (.const:.string:segments)

.cinit     0    0000feee    00000020     
                  0000feee    0000000d     (.cinit..data.load) [load image, compression = rle]
                  0000fefb    00000001     --HOLE-- [fill = 0]
                  0000fefc    00000006     (__TI_handler_table)
                  0000ff02    00000004     (.cinit..bss.load) [load image, compression = zero_init]
                  0000ff06    00000008     (__TI_cinit_table)

USI        0    0000ffe8    00000002     
                  0000ffe8    00000002     i2c_usi.obj (.int04)

ADC10      0    0000ffea    00000002     
                  0000ffea    00000002     measure_battery.obj (.int05)

WDT        0    0000fff4    00000002     
                  0000fff4    00000002     main.obj (.int10)

.reset     0    0000fffe    00000002     
                  0000fffe    00000002     rts430_eabi.lib : boot.obj (.reset)


LINKER GENERATED COPY TABLES

__TI_cinit_table @ 0000ff06 records: 2, size/record: 4, table size: 8
	.data: load addr=0000feee, load size=0000000d bytes, run addr=00000212, run size=0000000a bytes, compression=rle
	.bss: load addr=0000ff02, load size=00000004 bytes, run addr=00000200, run size=00000011 bytes, compression=zero_init


LINKER GENERATED HANDLER TABLE

__TI_handler_table @ 0000fefc records: 3, size/record: 2, table size: 6
	index: 0, handler: __TI_zero_init
	index: 1, handler: __TI_decompress_rle24
	index: 2, handler: __TI_decompress_none


GLOBAL SYMBOLS: SORTED ALPHABETICALLY BY Name 

address    name
--------   ----
0000004a   ADC10AE0
000001b0   ADC10CTL0
000001b2   ADC10CTL1
00000048   ADC10DTC0
00000049   ADC10DTC1
000001b4   ADC10MEM
000001bc   ADC10SA
0000fe58   ADC10_ISR
00000210   ADC_busy
0000fdf0   ADC_init
0000fecc   ADC_refon
0000fec0   ADC_start_conversion
0000020e   ADC_value
00000057   BCSCTL1
00000058   BCSCTL2
00000053   BCSCTL3
0000fede   C$$EXIT
000010fb   CALBC1_12MHZ
000010f9   CALBC1_16MHZ
000010ff   CALBC1_1MHZ
000010fd   CALBC1_8MHZ
000010fa   CALDCO_12MHZ
000010f8   CALDCO_16MHZ
000010fe   CALDCO_1MHZ
000010fc   CALDCO_8MHZ
00000056   DCOCTL
0000fea0   Data_RX
0000fdba   Data_TX
00000128   FCTL1
0000012a   FCTL2
0000012c   FCTL3
00000000   IE1
00000002   IFG1
0000fb74   IntToBCD
0000fd30   MCP9808_LPM
0000fd58   MCP9808_read_temp
00000022   P1DIR
00000025   P1IE
00000024   P1IES
00000023   P1IFG
00000020   P1IN
00000021   P1OUT
00000027   P1REN
00000026   P1SEL
0000002a   P2DIR
0000002d   P2IE
0000002c   P2IES
0000002b   P2IFG
00000028   P2IN
00000029   P2OUT
0000002f   P2REN
0000002e   P2SEL
0000021a   SYSTIME_DCO_CLOCK
00000172   TACCR0
00000174   TACCR1
00000162   TACCTL0
00000164   TACCTL1
00000160   TACTL
0000012e   TAIV
00000170   TAR
0000007a   USICCTL
0000007a   USICKCTL
0000007b   USICNT
00000078   USICTL
00000078   USICTL0
00000079   USICTL1
0000007c   USISR
0000007d   USISRH
0000007c   USISRL
0000f800   USI_TXRX
00000120   WDTCTL
0000fe6a   WDT_ISR
00000202   _I2C_BUFFPTR
00000206   _I2C_BYTECOUNT
00000208   _I2C_NUMBYTES
00000212   _I2C_OPERATION
00000216   _I2C_RPT_START
00000200   _I2C_SLAVE
00000214   _I2C_SLAVE_PRESENT
00000204   _I2C_State
0000027e   __STACK_END
00000032   __STACK_SIZE
0000ff06   __TI_CINIT_Base
0000ff0e   __TI_CINIT_Limit
0000fefc   __TI_Handler_Table_Base
0000ff02   __TI_Handler_Table_Limit
UNDEFED    __TI_INITARRAY_Base
UNDEFED    __TI_INITARRAY_Limit
00000001   __TI_args_main
0000fe7c   __TI_decompress_none
0000fed4   __TI_decompress_rle24
00000001   __TI_exit
0000fe30   __TI_zero_init
ffffffff   __binit__
ffffffff   __c_args__
0000fe06   __mspabi_divu
0000febc   __mspabi_func_epilog_1
0000feba   __mspabi_func_epilog_2
0000feb8   __mspabi_func_epilog_3
0000feb6   __mspabi_func_epilog_4
0000feb4   __mspabi_func_epilog_5
0000feb2   __mspabi_func_epilog_6
0000feb0   __mspabi_func_epilog_7
0000fe44   __mspabi_mpyi
0000fe06   __mspabi_remu
0000fc0e   __mspabi_srli
0000fc54   __mspabi_srli_1
0000fc30   __mspabi_srli_10
0000fc2c   __mspabi_srli_11
0000fc28   __mspabi_srli_12
0000fc24   __mspabi_srli_13
0000fc20   __mspabi_srli_14
0000fc1c   __mspabi_srli_15
0000fc50   __mspabi_srli_2
0000fc4c   __mspabi_srli_3
0000fc48   __mspabi_srli_4
0000fc44   __mspabi_srli_5
0000fc40   __mspabi_srli_6
0000fc3c   __mspabi_srli_7
0000fc38   __mspabi_srli_8
0000fc34   __mspabi_srli_9
0000fa6c   _auto_init
0000fdd6   _c_int00
0000fdd6   _c_int00_noexit
0000fe1c   _init
0000020a   _lcd_buff
0000fffe   _reset_vector
0000024c   _stack
0000feda   _system_pre_init
0000fc98   _worker
0000fede   abort
ffffffff   binit
0000fb20   i2c_init
0000fc5a   i2c_reg_read
0000fd7e   i2c_transmit
0000fcce   lcd35_init
0000faca   lcd35_send
0000fbc2   lcd35_write
0000f974   main
0000fe8e   memcpy
00000218   scheduler
0000fee2   segments
0000fd9c   set_dco
0000fd02   timer_a_i2c_100k


GLOBAL SYMBOLS: SORTED BY Symbol Address 

address    name
--------   ----
00000000   IE1
00000001   __TI_args_main
00000001   __TI_exit
00000002   IFG1
00000020   P1IN
00000021   P1OUT
00000022   P1DIR
00000023   P1IFG
00000024   P1IES
00000025   P1IE
00000026   P1SEL
00000027   P1REN
00000028   P2IN
00000029   P2OUT
0000002a   P2DIR
0000002b   P2IFG
0000002c   P2IES
0000002d   P2IE
0000002e   P2SEL
0000002f   P2REN
00000032   __STACK_SIZE
00000048   ADC10DTC0
00000049   ADC10DTC1
0000004a   ADC10AE0
00000053   BCSCTL3
00000056   DCOCTL
00000057   BCSCTL1
00000058   BCSCTL2
00000078   USICTL
00000078   USICTL0
00000079   USICTL1
0000007a   USICCTL
0000007a   USICKCTL
0000007b   USICNT
0000007c   USISR
0000007c   USISRL
0000007d   USISRH
00000120   WDTCTL
00000128   FCTL1
0000012a   FCTL2
0000012c   FCTL3
0000012e   TAIV
00000160   TACTL
00000162   TACCTL0
00000164   TACCTL1
00000170   TAR
00000172   TACCR0
00000174   TACCR1
000001b0   ADC10CTL0
000001b2   ADC10CTL1
000001b4   ADC10MEM
000001bc   ADC10SA
00000200   _I2C_SLAVE
00000202   _I2C_BUFFPTR
00000204   _I2C_State
00000206   _I2C_BYTECOUNT
00000208   _I2C_NUMBYTES
0000020a   _lcd_buff
0000020e   ADC_value
00000210   ADC_busy
00000212   _I2C_OPERATION
00000214   _I2C_SLAVE_PRESENT
00000216   _I2C_RPT_START
00000218   scheduler
0000021a   SYSTIME_DCO_CLOCK
0000024c   _stack
0000027e   __STACK_END
000010f8   CALDCO_16MHZ
000010f9   CALBC1_16MHZ
000010fa   CALDCO_12MHZ
000010fb   CALBC1_12MHZ
000010fc   CALDCO_8MHZ
000010fd   CALBC1_8MHZ
000010fe   CALDCO_1MHZ
000010ff   CALBC1_1MHZ
0000f800   USI_TXRX
0000f974   main
0000fa6c   _auto_init
0000faca   lcd35_send
0000fb20   i2c_init
0000fb74   IntToBCD
0000fbc2   lcd35_write
0000fc0e   __mspabi_srli
0000fc1c   __mspabi_srli_15
0000fc20   __mspabi_srli_14
0000fc24   __mspabi_srli_13
0000fc28   __mspabi_srli_12
0000fc2c   __mspabi_srli_11
0000fc30   __mspabi_srli_10
0000fc34   __mspabi_srli_9
0000fc38   __mspabi_srli_8
0000fc3c   __mspabi_srli_7
0000fc40   __mspabi_srli_6
0000fc44   __mspabi_srli_5
0000fc48   __mspabi_srli_4
0000fc4c   __mspabi_srli_3
0000fc50   __mspabi_srli_2
0000fc54   __mspabi_srli_1
0000fc5a   i2c_reg_read
0000fc98   _worker
0000fcce   lcd35_init
0000fd02   timer_a_i2c_100k
0000fd30   MCP9808_LPM
0000fd58   MCP9808_read_temp
0000fd7e   i2c_transmit
0000fd9c   set_dco
0000fdba   Data_TX
0000fdd6   _c_int00
0000fdd6   _c_int00_noexit
0000fdf0   ADC_init
0000fe06   __mspabi_divu
0000fe06   __mspabi_remu
0000fe1c   _init
0000fe30   __TI_zero_init
0000fe44   __mspabi_mpyi
0000fe58   ADC10_ISR
0000fe6a   WDT_ISR
0000fe7c   __TI_decompress_none
0000fe8e   memcpy
0000fea0   Data_RX
0000feb0   __mspabi_func_epilog_7
0000feb2   __mspabi_func_epilog_6
0000feb4   __mspabi_func_epilog_5
0000feb6   __mspabi_func_epilog_4
0000feb8   __mspabi_func_epilog_3
0000feba   __mspabi_func_epilog_2
0000febc   __mspabi_func_epilog_1
0000fec0   ADC_start_conversion
0000fecc   ADC_refon
0000fed4   __TI_decompress_rle24
0000feda   _system_pre_init
0000fede   C$$EXIT
0000fede   abort
0000fee2   segments
0000fefc   __TI_Handler_Table_Base
0000ff02   __TI_Handler_Table_Limit
0000ff06   __TI_CINIT_Base
0000ff0e   __TI_CINIT_Limit
0000fffe   _reset_vector
ffffffff   __binit__
ffffffff   __c_args__
ffffffff   binit
UNDEFED    __TI_INITARRAY_Base
UNDEFED    __TI_INITARRAY_Limit

[144 symbols]
