******************************************************************************
                  MSP430 Linker PC v4.1.5                      
******************************************************************************
>> Linked Sun Jun 09 11:26:57 2013

OUTPUT FILE NAME:   <TM001.out>
ENTRY POINT SYMBOL: "_c_int00"  address: 0000fe4a


MEMORY CONFIGURATION

         name            origin    length      used     unused   attr    fill
----------------------  --------  ---------  --------  --------  ----  --------
  SFR                   00000000   00000010  00000000  00000010  RWIX
  PERIPHERALS_8BIT      00000010   000000f0  00000000  000000f0  RWIX
  PERIPHERALS_16BIT     00000100   00000100  00000000  00000100  RWIX
  RAM                   00000200   00000080  0000004d  00000033  RWIX
  INFOD                 00001000   00000040  00000000  00000040  RWIX
  INFOC                 00001040   00000040  00000000  00000040  RWIX
  INFOB                 00001080   00000040  00000000  00000040  RWIX
  INFOA                 000010c0   00000040  00000000  00000040  RWIX
  FLASH                 0000f800   000007e0  00000783  0000005d  RWIX
  INT00                 0000ffe0   00000002  00000000  00000002  RWIX
  INT01                 0000ffe2   00000002  00000000  00000002  RWIX
  INT02                 0000ffe4   00000002  00000000  00000002  RWIX
  INT03                 0000ffe6   00000002  00000000  00000002  RWIX
  INT04                 0000ffe8   00000002  00000002  00000000  RWIX
  INT05                 0000ffea   00000002  00000002  00000000  RWIX
  INT06                 0000ffec   00000002  00000000  00000002  RWIX
  INT07                 0000ffee   00000002  00000000  00000002  RWIX
  INT08                 0000fff0   00000002  00000000  00000002  RWIX
  INT09                 0000fff2   00000002  00000000  00000002  RWIX
  INT10                 0000fff4   00000002  00000002  00000000  RWIX
  INT11                 0000fff6   00000002  00000000  00000002  RWIX
  INT12                 0000fff8   00000002  00000000  00000002  RWIX
  INT13                 0000fffa   00000002  00000000  00000002  RWIX
  INT14                 0000fffc   00000002  00000000  00000002  RWIX
  RESET                 0000fffe   00000002  00000002  00000000  RWIX


SECTION ALLOCATION MAP

 output                                  attributes/
section   page    origin      length       input sections
--------  ----  ----------  ----------   ----------------
.init_array 
*          0    0000f800    00000000     UNINITIALIZED

.bss       0    00000200    00000011     UNINITIALIZED
                  00000200    0000000a     i2c_usi.obj (.bss)
                  0000020a    00000004     pcf8576_lcd35.obj (.bss)
                  0000020e    00000003     measure_battery.obj (.bss)

.TI.noinit 
*          0    00000200    00000000     UNINITIALIZED

.data      0    00000212    0000000a     
                  00000212    00000006     i2c_usi.obj (.data)
                  00000218    00000002     main.obj (.data)
                  0000021a    00000002     systime.obj (.data)

.TI.persistent 
*          0    00000212    00000000     UNINITIALIZED

.stack     0    0000024c    00000032     UNINITIALIZED
                  0000024c    00000002     rts430_eabi.lib : boot.obj (.stack)
                  0000024e    00000030     --HOLE--

.text      0    0000f800    00000758     
                  0000f800    000001ca     i2c_usi.obj (.text:USI_TXRX)
                  0000f9ca    0000009e     main.obj (.text:main)
                  0000fa68    0000005e     rts430_eabi.lib : copy_decompress_rle.obj (.text:__TI_decompress_rle_core)
                  0000fac6    0000005e                     : autoinit.obj (.text:_auto_init)
                  0000fb24    00000056     pcf8576_lcd35.obj (.text:lcd35_send)
                  0000fb7a    00000054     textconv.obj (.text:IntToBCD)
                  0000fbce    00000054     i2c_usi.obj (.text:i2c_init)
                  0000fc22    0000004c     pcf8576_lcd35.obj (.text:lcd35_write)
                  0000fc6e    0000004c     rts430_eabi.lib : lsr16.obj (.text)
                  0000fcba    0000003e     i2c_usi.obj (.text:i2c_reg_read)
                  0000fcf8    00000038     main.obj (.text:_worker)
                  0000fd30    00000034     pcf8576_lcd35.obj (.text:lcd35_init)
                  0000fd64    00000030     systime.obj (.text:set_dco)
                  0000fd94    0000002e     systime.obj (.text:timer_a_i2c_100k)
                  0000fdc2    00000028     MCP9808.obj (.text:MCP9808_LPM)
                  0000fdea    00000026     MCP9808.obj (.text:MCP9808_read_temp)
                  0000fe10    0000001e     i2c_usi.obj (.text:i2c_transmit)
                  0000fe2e    0000001c     i2c_usi.obj (.text:Data_TX)
                  0000fe4a    0000001a     rts430_eabi.lib : boot.obj (.text:_c_int00_noexit)
                  0000fe64    00000016     measure_battery.obj (.text:ADC_init)
                  0000fe7a    00000016     main.obj (.text:_init)
                  0000fe90    00000016     rts430_eabi.lib : div16u.obj (.text)
                  0000fea6    00000014                     : copy_zero_init.obj (.text:decompress:ZI:__TI_zero_init)
                  0000feba    00000014                     : mult16.obj (.text)
                  0000fece    00000012     measure_battery.obj (.text:ADC10_ISR)
                  0000fee0    00000012     main.obj (.text:WDT_ISR)
                  0000fef2    00000012     rts430_eabi.lib : copy_decompress_none.obj (.text:decompress:none:__TI_decompress_none)
                  0000ff04    00000012                     : memcpy.obj (.text:memcpy)
                  0000ff16    00000010     i2c_usi.obj (.text:Data_RX)
                  0000ff26    00000010     rts430_eabi.lib : epilog.obj (.text)
                  0000ff36    0000000c     measure_battery.obj (.text:ADC_start_conversion)
                  0000ff42    00000008     measure_battery.obj (.text:ADC_refon)
                  0000ff4a    00000006     rts430_eabi.lib : copy_decompress_rle.obj (.text:decompress:rle24:__TI_decompress_rle24)
                  0000ff50    00000004                     : pre_init.obj (.text:_system_pre_init)
                  0000ff54    00000004                     : exit.obj (.text:abort)

.const     0    0000ff58    0000000b     
                  0000ff58    0000000b     pcf8576_lcd35.obj (.const:.string:segments)

.cinit     0    0000ff64    00000020     
                  0000ff64    0000000d     (.cinit..data.load) [load image, compression = rle]
                  0000ff71    00000001     --HOLE-- [fill = 0]
                  0000ff72    00000006     (__TI_handler_table)
                  0000ff78    00000004     (.cinit..bss.load) [load image, compression = zero_init]
                  0000ff7c    00000008     (__TI_cinit_table)

USI        0    0000ffe8    00000002     
                  0000ffe8    00000002     i2c_usi.obj (.int04)

ADC10      0    0000ffea    00000002     
                  0000ffea    00000002     measure_battery.obj (.int05)

WDT        0    0000fff4    00000002     
                  0000fff4    00000002     main.obj (.int10)

.reset     0    0000fffe    00000002     
                  0000fffe    00000002     rts430_eabi.lib : boot.obj (.reset)


LINKER GENERATED COPY TABLES

__TI_cinit_table @ 0000ff7c records: 2, size/record: 4, table size: 8
	.data: load addr=0000ff64, load size=0000000d bytes, run addr=00000212, run size=0000000a bytes, compression=rle
	.bss: load addr=0000ff78, load size=00000004 bytes, run addr=00000200, run size=00000011 bytes, compression=zero_init


LINKER GENERATED HANDLER TABLE

__TI_handler_table @ 0000ff72 records: 3, size/record: 2, table size: 6
	index: 0, handler: __TI_zero_init
	index: 1, handler: __TI_decompress_rle24
	index: 2, handler: __TI_decompress_none


GLOBAL SYMBOLS: SORTED ALPHABETICALLY BY Name 

address    name
--------   ----
0000004a   ADC10AE0
000001b0   ADC10CTL0
000001b2   ADC10CTL1
00000048   ADC10DTC0
00000049   ADC10DTC1
000001b4   ADC10MEM
000001bc   ADC10SA
0000fece   ADC10_ISR
00000210   ADC_busy
0000fe64   ADC_init
0000ff42   ADC_refon
0000ff36   ADC_start_conversion
0000020e   ADC_value
00000057   BCSCTL1
00000058   BCSCTL2
00000053   BCSCTL3
0000ff54   C$$EXIT
000010fb   CALBC1_12MHZ
000010f9   CALBC1_16MHZ
000010ff   CALBC1_1MHZ
000010fd   CALBC1_8MHZ
000010fa   CALDCO_12MHZ
000010f8   CALDCO_16MHZ
000010fe   CALDCO_1MHZ
000010fc   CALDCO_8MHZ
00000056   DCOCTL
0000ff16   Data_RX
0000fe2e   Data_TX
00000128   FCTL1
0000012a   FCTL2
0000012c   FCTL3
00000000   IE1
00000002   IFG1
0000fb7a   IntToBCD
0000fdc2   MCP9808_LPM
0000fdea   MCP9808_read_temp
00000022   P1DIR
00000025   P1IE
00000024   P1IES
00000023   P1IFG
00000020   P1IN
00000021   P1OUT
00000027   P1REN
00000026   P1SEL
0000002a   P2DIR
0000002d   P2IE
0000002c   P2IES
0000002b   P2IFG
00000028   P2IN
00000029   P2OUT
0000002f   P2REN
0000002e   P2SEL
0000021a   SYSTIME_DCO_CLOCK
00000172   TACCR0
00000174   TACCR1
00000162   TACCTL0
00000164   TACCTL1
00000160   TACTL
0000012e   TAIV
00000170   TAR
0000007a   USICCTL
0000007a   USICKCTL
0000007b   USICNT
00000078   USICTL
00000078   USICTL0
00000079   USICTL1
0000007c   USISR
0000007d   USISRH
0000007c   USISRL
0000f800   USI_TXRX
00000120   WDTCTL
0000fee0   WDT_ISR
00000202   _I2C_BUFFPTR
00000206   _I2C_BYTECOUNT
00000208   _I2C_NUMBYTES
00000212   _I2C_OPERATION
00000216   _I2C_RPT_START
00000200   _I2C_SLAVE
00000214   _I2C_SLAVE_PRESENT
00000204   _I2C_State
0000027e   __STACK_END
00000032   __STACK_SIZE
0000ff7c   __TI_CINIT_Base
0000ff84   __TI_CINIT_Limit
0000ff72   __TI_Handler_Table_Base
0000ff78   __TI_Handler_Table_Limit
UNDEFED    __TI_INITARRAY_Base
UNDEFED    __TI_INITARRAY_Limit
00000001   __TI_args_main
0000fef2   __TI_decompress_none
0000ff4a   __TI_decompress_rle24
00000001   __TI_exit
0000fea6   __TI_zero_init
ffffffff   __binit__
ffffffff   __c_args__
0000fe90   __mspabi_divu
0000ff32   __mspabi_func_epilog_1
0000ff30   __mspabi_func_epilog_2
0000ff2e   __mspabi_func_epilog_3
0000ff2c   __mspabi_func_epilog_4
0000ff2a   __mspabi_func_epilog_5
0000ff28   __mspabi_func_epilog_6
0000ff26   __mspabi_func_epilog_7
0000feba   __mspabi_mpyi
0000fe90   __mspabi_remu
0000fc6e   __mspabi_srli
0000fcb4   __mspabi_srli_1
0000fc90   __mspabi_srli_10
0000fc8c   __mspabi_srli_11
0000fc88   __mspabi_srli_12
0000fc84   __mspabi_srli_13
0000fc80   __mspabi_srli_14
0000fc7c   __mspabi_srli_15
0000fcb0   __mspabi_srli_2
0000fcac   __mspabi_srli_3
0000fca8   __mspabi_srli_4
0000fca4   __mspabi_srli_5
0000fca0   __mspabi_srli_6
0000fc9c   __mspabi_srli_7
0000fc98   __mspabi_srli_8
0000fc94   __mspabi_srli_9
0000fac6   _auto_init
0000fe4a   _c_int00
0000fe4a   _c_int00_noexit
0000fe7a   _init
0000020a   _lcd_buff
0000fffe   _reset_vector
0000024c   _stack
0000ff50   _system_pre_init
0000fcf8   _worker
0000ff54   abort
ffffffff   binit
0000fbce   i2c_init
0000fcba   i2c_reg_read
0000fe10   i2c_transmit
0000fd30   lcd35_init
0000fb24   lcd35_send
0000fc22   lcd35_write
0000f9ca   main
0000ff04   memcpy
00000218   scheduler
0000ff58   segments
0000fd64   set_dco
0000fd94   timer_a_i2c_100k


GLOBAL SYMBOLS: SORTED BY Symbol Address 

address    name
--------   ----
00000000   IE1
00000001   __TI_args_main
00000001   __TI_exit
00000002   IFG1
00000020   P1IN
00000021   P1OUT
00000022   P1DIR
00000023   P1IFG
00000024   P1IES
00000025   P1IE
00000026   P1SEL
00000027   P1REN
00000028   P2IN
00000029   P2OUT
0000002a   P2DIR
0000002b   P2IFG
0000002c   P2IES
0000002d   P2IE
0000002e   P2SEL
0000002f   P2REN
00000032   __STACK_SIZE
00000048   ADC10DTC0
00000049   ADC10DTC1
0000004a   ADC10AE0
00000053   BCSCTL3
00000056   DCOCTL
00000057   BCSCTL1
00000058   BCSCTL2
00000078   USICTL
00000078   USICTL0
00000079   USICTL1
0000007a   USICCTL
0000007a   USICKCTL
0000007b   USICNT
0000007c   USISR
0000007c   USISRL
0000007d   USISRH
00000120   WDTCTL
00000128   FCTL1
0000012a   FCTL2
0000012c   FCTL3
0000012e   TAIV
00000160   TACTL
00000162   TACCTL0
00000164   TACCTL1
00000170   TAR
00000172   TACCR0
00000174   TACCR1
000001b0   ADC10CTL0
000001b2   ADC10CTL1
000001b4   ADC10MEM
000001bc   ADC10SA
00000200   _I2C_SLAVE
00000202   _I2C_BUFFPTR
00000204   _I2C_State
00000206   _I2C_BYTECOUNT
00000208   _I2C_NUMBYTES
0000020a   _lcd_buff
0000020e   ADC_value
00000210   ADC_busy
00000212   _I2C_OPERATION
00000214   _I2C_SLAVE_PRESENT
00000216   _I2C_RPT_START
00000218   scheduler
0000021a   SYSTIME_DCO_CLOCK
0000024c   _stack
0000027e   __STACK_END
000010f8   CALDCO_16MHZ
000010f9   CALBC1_16MHZ
000010fa   CALDCO_12MHZ
000010fb   CALBC1_12MHZ
000010fc   CALDCO_8MHZ
000010fd   CALBC1_8MHZ
000010fe   CALDCO_1MHZ
000010ff   CALBC1_1MHZ
0000f800   USI_TXRX
0000f9ca   main
0000fac6   _auto_init
0000fb24   lcd35_send
0000fb7a   IntToBCD
0000fbce   i2c_init
0000fc22   lcd35_write
0000fc6e   __mspabi_srli
0000fc7c   __mspabi_srli_15
0000fc80   __mspabi_srli_14
0000fc84   __mspabi_srli_13
0000fc88   __mspabi_srli_12
0000fc8c   __mspabi_srli_11
0000fc90   __mspabi_srli_10
0000fc94   __mspabi_srli_9
0000fc98   __mspabi_srli_8
0000fc9c   __mspabi_srli_7
0000fca0   __mspabi_srli_6
0000fca4   __mspabi_srli_5
0000fca8   __mspabi_srli_4
0000fcac   __mspabi_srli_3
0000fcb0   __mspabi_srli_2
0000fcb4   __mspabi_srli_1
0000fcba   i2c_reg_read
0000fcf8   _worker
0000fd30   lcd35_init
0000fd64   set_dco
0000fd94   timer_a_i2c_100k
0000fdc2   MCP9808_LPM
0000fdea   MCP9808_read_temp
0000fe10   i2c_transmit
0000fe2e   Data_TX
0000fe4a   _c_int00
0000fe4a   _c_int00_noexit
0000fe64   ADC_init
0000fe7a   _init
0000fe90   __mspabi_divu
0000fe90   __mspabi_remu
0000fea6   __TI_zero_init
0000feba   __mspabi_mpyi
0000fece   ADC10_ISR
0000fee0   WDT_ISR
0000fef2   __TI_decompress_none
0000ff04   memcpy
0000ff16   Data_RX
0000ff26   __mspabi_func_epilog_7
0000ff28   __mspabi_func_epilog_6
0000ff2a   __mspabi_func_epilog_5
0000ff2c   __mspabi_func_epilog_4
0000ff2e   __mspabi_func_epilog_3
0000ff30   __mspabi_func_epilog_2
0000ff32   __mspabi_func_epilog_1
0000ff36   ADC_start_conversion
0000ff42   ADC_refon
0000ff4a   __TI_decompress_rle24
0000ff50   _system_pre_init
0000ff54   C$$EXIT
0000ff54   abort
0000ff58   segments
0000ff72   __TI_Handler_Table_Base
0000ff78   __TI_Handler_Table_Limit
0000ff7c   __TI_CINIT_Base
0000ff84   __TI_CINIT_Limit
0000fffe   _reset_vector
ffffffff   __binit__
ffffffff   __c_args__
ffffffff   binit
UNDEFED    __TI_INITARRAY_Base
UNDEFED    __TI_INITARRAY_Limit

[144 symbols]
